Lesson schema OK
LESSON_JSON_SCHEMA has 3 top-level keys
## sign-flow (N3)

| Verse | lesson.start_time_ms | predicted_onset_ms | delta_ms | status |
|-------|----------------------|--------------------|----------|--------|
| 1 | 1353 | 1353 | 0 | PASS |
| 2 | 4514 | 4504 | +10 | PASS |
| 3 | 7075 | 7065 | +10 | PASS |
| 4 | 19525 | 25417 | -5892 | FAIL |
| 5 | 32019 | 31659 | +360 | PASS |
| 6 | 37184 | 36354 | +830 | FAIL |
| 7 | 42590 | 42180 | +410 | PASS |
| 8 | 47275 | 47265 | +10 | PASS |
| 9 | 54609 | 56290 | -1681 | FAIL |
| 10 | 63904 | 68327 | -4423 | FAIL |
| 11 | 70628 | 73470 | -2842 | FAIL |
| 12 | 79295 | 79465 | -170 | PASS |

VERDICT: 5 verse(s) fail; spot-check FAILS for sign-flow.

## remember-flow (N3)

| Verse | lesson.start_time_ms | predicted_onset_ms | delta_ms | status |
|-------|----------------------|--------------------|----------|--------|
| 1 | 1435 | 1435 | 0 | PASS |
| 2 | 15257 | 15247 | +10 | PASS |
| 3 | 39055 | 39045 | +10 | PASS |
| 4 | 57462 | 54860 | +2602 | FAIL |

VERDICT: 1 verse(s) fail; spot-check FAILS for remember-flow.

## crossing-field-lisa (N3)

| Verse | lesson.start_time_ms | predicted_onset_ms | delta_ms | status |
|-------|----------------------|--------------------|----------|--------|
| 1 | 12530 | 12530 | 0 | PASS |
| 2 | 24935 | 24435 | +500 | PASS |
| 3 | 36126 | 35706 | +420 | PASS |
| 4 | 53841 | 57563 | -3722 | FAIL |
| 5 | 67669 | 67239 | +430 | PASS |
| 6 | 73833 | 73783 | +50 | PASS |
| 7 | 74844 | 75004 | -160 | PASS |

VERDICT: 1 verse(s) fail; spot-check FAILS for crossing-field-lisa.

## heros-come-back-nobodyknows (N3)

| Verse | lesson.start_time_ms | predicted_onset_ms | delta_ms | status |
|-------|----------------------|--------------------|----------|--------|
| 1 | 10814 | 10814 | 0 | PASS |
| 2 | 15447 | 15447 | 0 | PASS |
| 3 | 23062 | 23002 | +60 | PASS |
| 4 | 30317 | 30307 | +10 | PASS |
| 5 | 30947 | 30907 | +40 | PASS |
| 6 | 31408 | 31368 | +40 | PASS |
| 7 | 32178 | 32138 | +40 | PASS |
| 8 | 33719 | 33709 | +10 | PASS |
| 9 | 34930 | 34870 | +60 | PASS |
| 10 | 37742 | 37652 | +90 | PASS |
| 11 | 41733 | 41693 | +40 | PASS |
| 12 | 45415 | 48126 | -2711 | FAIL |
| 13 | 50187 | 54268 | -4081 | FAIL |
| 14 | 57450 | 59180 | -1730 | FAIL |
| 15 | 63382 | 63332 | +50 | PASS |
| 16 | 68884 | 68824 | +60 | PASS |
| 17 | 73987 | 73717 | +270 | PASS |
| 18 | 77939 | 77849 | +90 | PASS |
| 19 | 83313 | 83313 | 0 | PASS |

VERDICT: 3 verse(s) fail; spot-check FAILS for heros-come-back-nobodyknows.

## alumina-nightmare (N3)

| Verse | lesson.start_time_ms | predicted_onset_ms | delta_ms | status |
|-------|----------------------|--------------------|----------|--------|
| 1 | 668 | 668 | 0 | PASS |
| 2 | 2130 | 2040 | +90 | PASS |
| 3 | 4573 | 4553 | +20 | PASS |
| 4 | 14093 | 21981 | -7888 | FAIL |
| 5 | 25904 | 25814 | +90 | PASS |
| 6 | 30318 | 30278 | +40 | PASS |
| 7 | 39416 | 39406 | +10 | PASS |
| 8 | 48903 | 48893 | +10 | PASS |
| 9 | 49954 | 49914 | +40 | PASS |

VERDICT: 1 verse(s) fail; spot-check FAILS for alumina-nightmare.

## the-day-porno-graffitti (N3)

| Verse | lesson.start_time_ms | predicted_onset_ms | delta_ms | status |
|-------|----------------------|--------------------|----------|--------|
| 1 | 4661 | 4661 | 0 | PASS |
| 2 | 8525 | 8475 | +50 | PASS |
| 3 | 19583 | 19673 | -90 | PASS |
| 4 | 31718 | 31488 | +230 | PASS |
| 5 | 37079 | 35959 | +1120 | FAIL |
| 6 | 42060 | 41840 | +220 | PASS |
| 7 | 47181 | 46171 | +1010 | FAIL |
| 8 | 63627 | 68231 | -4604 | FAIL |
| 9 | 74365 | 78238 | -3873 | FAIL |

VERDICT: 4 verse(s) fail; spot-check FAILS for the-day-porno-graffitti.

## blue-bird-ikimonogakari (N3)

| Verse | lesson.start_time_ms | predicted_onset_ms | delta_ms | status |
|-------|----------------------|--------------------|----------|--------|
| 1 | 1114 | 1114 | 0 | PASS |
| 2 | 6998 | 6998 | 0 | PASS |
| 3 | 12881 | 12881 | 0 | PASS |
| 4 | 23161 | 22991 | +170 | PASS |
| 5 | 26302 | 26122 | +180 | PASS |
| 6 | 29663 | 29383 | +280 | PASS |
| 7 | 32645 | 32355 | +290 | PASS |
| 8 | 35806 | 35606 | +200 | PASS |
| 9 | 38967 | 38757 | +210 | PASS |
| 10 | 43869 | 43859 | +10 | PASS |
| 11 | 51193 | 51193 | 0 | PASS |
| 12 | 57608 | 57608 | 0 | PASS |
| 13 | 64523 | 64033 | +490 | PASS |

VERDICT: All verses pass; spot-check PASSES for blue-bird-ikimonogakari.

## uso-sid (N3)

| Verse | lesson.start_time_ms | predicted_onset_ms | delta_ms | status |
|-------|----------------------|--------------------|----------|--------|
| 1 | 740 | 740 | 0 | PASS |
| 2 | 12018 | 11668 | +350 | PASS |
| 3 | 25839 | 23267 | +2572 | FAIL |
| 4 | 36530 | 36220 | +310 | PASS |
| 5 | 47833 | 46273 | +1560 | FAIL |
| 6 | 55914 | 55904 | +10 | PASS |
| 7 | 71679 | 71309 | +370 | PASS |

VERDICT: 2 verse(s) fail; spot-check FAILS for uso-sid.

## Summary
| Slug | Verdict |
|------|---------|
| sign-flow | FAIL |
| remember-flow | FAIL |
| crossing-field-lisa | FAIL |
| heros-come-back-nobodyknows | FAIL |
| alumina-nightmare | FAIL |
| the-day-porno-graffitti | FAIL |
| blue-bird-ikimonogakari | PASS |
| uso-sid | FAIL |

Overall verdict: FAIL (tolerance: ±500ms)
